make: *** No targets specified and no makefile found.  Stop.
make: *** No rule to make target 'modules_install'.  Stop.
make: *** No rule to make target 'install'.  Stop.
